// Jest Snapshot v1, https://goo.gl/fbAQLP

exports[`<App /> shallow rendering matches the snapshot 1`] = `
<BrowserRouter>
  <div>
    <Route
      component={[Function]}
      exact={true}
      path="/"
    />
    <Route
      component={[Function]}
      path="/equipment"
    />
  </div>
</BrowserRouter>
`;
